// Jest Snapshot v1, https://goo.gl/fbAQLP

exports[`RippleNumber Snapshot Test 1`] = `
<div
  className="
        makeStyles-num-1
        
        makeStyles-ripple-3
        
        
      "
>
  0
</div>
`;
